// This file is generated by gofuzzgen.
// Only generate fuzzing template.
package a_test
